[validation] likelihood_recurrence_vs_explicit_channel: PASS (2728 cases)
[validation] strict_reversal_family: PASS (1062 cases)
[validation] uac_and_chain_bounds_vs_independent_references: PASS (5336 cases)
[validation] all_nonempty_codebooks_n_le_4_all_observations: PASS (1050660 cases)
[pilot] paired trial count=214; workers=4
[pilot] completed 1/214 paired trials
[pilot] completed 20/214 paired trials
[pilot] completed 40/214 paired trials
[pilot] completed 60/214 paired trials
[pilot] completed 80/214 paired trials
[pilot] completed 100/214 paired trials
[pilot] completed 120/214 paired trials
[pilot] completed 140/214 paired trials
[pilot] completed 160/214 paired trials
[pilot] completed 180/214 paired trials
[pilot] completed 200/214 paired trials
[pilot] completed 214/214 paired trials
[pilot] running alignment-bound structural scan
[phase2a] status=PASS
[phase2a] output=/home/afazeli2006/GRAND_Work/results/FIBER_GRAND_Phase2A/run_20260803T021923Z
[phase2a] return_zip=/home/afazeli2006/GRAND_Work/results/FIBER_GRAND_Phase2A/run_20260803T021923Z/FIBER_GRAND_PHASE2A_RETURN_run_20260803T021923Z.zip
[phase2a] return_zip_sha256=e3e56ee5a97f573369ac857a46082bcd8306caf5363e21d2542a8768674ab426
